Analysis & Synthesis report for serial_transmitter_circuit
Wed Jan  3 01:29:41 2024
Quartus Prime Version 22.1std.2 Build 922 07/20/2023 SC Lite Edition


---------------------
; Table of Contents ;
---------------------
  1. Legal Notice
  2. Analysis & Synthesis Summary
  3. Analysis & Synthesis Settings
  4. Parallel Compilation
  5. Analysis & Synthesis Source Files Read
  6. Analysis & Synthesis Resource Usage Summary
  7. Analysis & Synthesis Resource Utilization by Entity
  8. State Machine - |serial_transmitter_circuit|d_Detector:instt|ps
  9. State Machine - |serial_transmitter_circuit|controller:inst|ps
 10. Registers Removed During Synthesis
 11. General Register Statistics
 12. Parameter Settings for User Entity Instance: transmitter:inst2|downCounter:inst|lpm_counter:LPM_COUNTER_component
 13. Parameter Settings for User Entity Instance: controller:inst
 14. Parameter Settings for User Entity Instance: d_Detector:instt
 15. Parameter Settings for User Entity Instance: counterReg:inst1|bitCounter:inst|lpm_counter:LPM_COUNTER_component
 16. Parameter Settings for User Entity Instance: counterReg:inst1|shiftRegister:inst1|lpm_shiftreg:LPM_SHIFTREG_component
 17. lpm_shiftreg Parameter Settings by Entity Instance
 18. Post-Synthesis Netlist Statistics for Top Partition
 19. Elapsed Time Per Partition
 20. Analysis & Synthesis Messages



----------------
; Legal Notice ;
----------------
Copyright (C) 2023  Intel Corporation. All rights reserved.
Your use of Intel Corporation's design tools, logic functions 
and other software and tools, and any partner logic 
functions, and any output files from any of the foregoing 
(including device programming or simulation files), and any 
associated documentation or information are expressly subject 
to the terms and conditions of the Intel Program License 
Subscription Agreement, the Intel Quartus Prime License Agreement,
the Intel FPGA IP License Agreement, or other applicable license
agreement, including, without limitation, that your use is for
the sole purpose of programming logic devices manufactured by
Intel and sold by Intel or its authorized distributors.  Please
refer to the applicable agreement for further details, at
https://fpgasoftware.intel.com/eula.



+-------------------------------------------------------------------------------------+
; Analysis & Synthesis Summary                                                        ;
+------------------------------------+------------------------------------------------+
; Analysis & Synthesis Status        ; Successful - Wed Jan  3 01:29:41 2024          ;
; Quartus Prime Version              ; 22.1std.2 Build 922 07/20/2023 SC Lite Edition ;
; Revision Name                      ; serial_transmitter_circuit                     ;
; Top-level Entity Name              ; serial_transmitter_circuit                     ;
; Family                             ; Cyclone IV GX                                  ;
; Total logic elements               ; 36                                             ;
;     Total combinational functions  ; 36                                             ;
;     Dedicated logic registers      ; 32                                             ;
; Total registers                    ; 32                                             ;
; Total pins                         ; 26                                             ;
; Total virtual pins                 ; 0                                              ;
; Total memory bits                  ; 0                                              ;
; Embedded Multiplier 9-bit elements ; 0                                              ;
; Total GXB Receiver Channel PCS     ; 0                                              ;
; Total GXB Receiver Channel PMA     ; 0                                              ;
; Total GXB Transmitter Channel PCS  ; 0                                              ;
; Total GXB Transmitter Channel PMA  ; 0                                              ;
; Total PLLs                         ; 0                                              ;
+------------------------------------+------------------------------------------------+


+----------------------------------------------------------------------------------------------------------------------------+
; Analysis & Synthesis Settings                                                                                              ;
+------------------------------------------------------------------+----------------------------+----------------------------+
; Option                                                           ; Setting                    ; Default Value              ;
+------------------------------------------------------------------+----------------------------+----------------------------+
; Device                                                           ; EP4CGX15BF14A7             ;                            ;
; Top-level entity name                                            ; serial_transmitter_circuit ; serial_transmitter_circuit ;
; Family name                                                      ; Cyclone IV GX              ; Cyclone V                  ;
; Use smart compilation                                            ; Off                        ; Off                        ;
; Enable parallel Assembler and Timing Analyzer during compilation ; On                         ; On                         ;
; Enable compact report table                                      ; Off                        ; Off                        ;
; Restructure Multiplexers                                         ; Auto                       ; Auto                       ;
; Create Debugging Nodes for IP Cores                              ; Off                        ; Off                        ;
; Preserve fewer node names                                        ; On                         ; On                         ;
; Intel FPGA IP Evaluation Mode                                    ; Enable                     ; Enable                     ;
; Verilog Version                                                  ; Verilog_2001               ; Verilog_2001               ;
; VHDL Version                                                     ; VHDL_1993                  ; VHDL_1993                  ;
; State Machine Processing                                         ; Auto                       ; Auto                       ;
; Safe State Machine                                               ; Off                        ; Off                        ;
; Extract Verilog State Machines                                   ; On                         ; On                         ;
; Extract VHDL State Machines                                      ; On                         ; On                         ;
; Ignore Verilog initial constructs                                ; Off                        ; Off                        ;
; Iteration limit for constant Verilog loops                       ; 5000                       ; 5000                       ;
; Iteration limit for non-constant Verilog loops                   ; 250                        ; 250                        ;
; Add Pass-Through Logic to Inferred RAMs                          ; On                         ; On                         ;
; Infer RAMs from Raw Logic                                        ; On                         ; On                         ;
; Parallel Synthesis                                               ; On                         ; On                         ;
; DSP Block Balancing                                              ; Auto                       ; Auto                       ;
; NOT Gate Push-Back                                               ; On                         ; On                         ;
; Power-Up Don't Care                                              ; On                         ; On                         ;
; Remove Redundant Logic Cells                                     ; Off                        ; Off                        ;
; Remove Duplicate Registers                                       ; On                         ; On                         ;
; Ignore CARRY Buffers                                             ; Off                        ; Off                        ;
; Ignore CASCADE Buffers                                           ; Off                        ; Off                        ;
; Ignore GLOBAL Buffers                                            ; Off                        ; Off                        ;
; Ignore ROW GLOBAL Buffers                                        ; Off                        ; Off                        ;
; Ignore LCELL Buffers                                             ; Off                        ; Off                        ;
; Ignore SOFT Buffers                                              ; On                         ; On                         ;
; Limit AHDL Integers to 32 Bits                                   ; Off                        ; Off                        ;
; Optimization Technique                                           ; Balanced                   ; Balanced                   ;
; Carry Chain Length                                               ; 70                         ; 70                         ;
; Auto Carry Chains                                                ; On                         ; On                         ;
; Auto Open-Drain Pins                                             ; On                         ; On                         ;
; Perform WYSIWYG Primitive Resynthesis                            ; Off                        ; Off                        ;
; Auto ROM Replacement                                             ; On                         ; On                         ;
; Auto RAM Replacement                                             ; On                         ; On                         ;
; Auto DSP Block Replacement                                       ; On                         ; On                         ;
; Auto Shift Register Replacement                                  ; Auto                       ; Auto                       ;
; Allow Shift Register Merging across Hierarchies                  ; Auto                       ; Auto                       ;
; Auto Clock Enable Replacement                                    ; On                         ; On                         ;
; Strict RAM Replacement                                           ; Off                        ; Off                        ;
; Allow Synchronous Control Signals                                ; On                         ; On                         ;
; Force Use of Synchronous Clear Signals                           ; Off                        ; Off                        ;
; Auto RAM Block Balancing                                         ; On                         ; On                         ;
; Auto RAM to Logic Cell Conversion                                ; Off                        ; Off                        ;
; Auto Resource Sharing                                            ; Off                        ; Off                        ;
; Allow Any RAM Size For Recognition                               ; Off                        ; Off                        ;
; Allow Any ROM Size For Recognition                               ; Off                        ; Off                        ;
; Allow Any Shift Register Size For Recognition                    ; Off                        ; Off                        ;
; Use LogicLock Constraints during Resource Balancing              ; On                         ; On                         ;
; Ignore translate_off and synthesis_off directives                ; Off                        ; Off                        ;
; Timing-Driven Synthesis                                          ; On                         ; On                         ;
; Report Parameter Settings                                        ; On                         ; On                         ;
; Report Source Assignments                                        ; On                         ; On                         ;
; Report Connectivity Checks                                       ; On                         ; On                         ;
; Ignore Maximum Fan-Out Assignments                               ; Off                        ; Off                        ;
; Synchronization Register Chain Length                            ; 2                          ; 2                          ;
; Power Optimization During Synthesis                              ; Normal compilation         ; Normal compilation         ;
; HDL message level                                                ; Level2                     ; Level2                     ;
; Suppress Register Optimization Related Messages                  ; Off                        ; Off                        ;
; Number of Removed Registers Reported in Synthesis Report         ; 5000                       ; 5000                       ;
; Number of Swept Nodes Reported in Synthesis Report               ; 5000                       ; 5000                       ;
; Number of Inverted Registers Reported in Synthesis Report        ; 100                        ; 100                        ;
; Clock MUX Protection                                             ; On                         ; On                         ;
; Auto Gated Clock Conversion                                      ; Off                        ; Off                        ;
; Block Design Naming                                              ; Auto                       ; Auto                       ;
; SDC constraint protection                                        ; Off                        ; Off                        ;
; Synthesis Effort                                                 ; Auto                       ; Auto                       ;
; Shift Register Replacement - Allow Asynchronous Clear Signal     ; On                         ; On                         ;
; Pre-Mapping Resynthesis Optimization                             ; Off                        ; Off                        ;
; Analysis & Synthesis Message Level                               ; Medium                     ; Medium                     ;
; Disable Register Merging Across Hierarchies                      ; Auto                       ; Auto                       ;
; Resource Aware Inference For Block RAM                           ; On                         ; On                         ;
+------------------------------------------------------------------+----------------------------+----------------------------+


+------------------------------------------+
; Parallel Compilation                     ;
+----------------------------+-------------+
; Processors                 ; Number      ;
+----------------------------+-------------+
; Number detected on machine ; 8           ;
; Maximum allowed            ; 4           ;
;                            ;             ;
; Average used               ; 1.00        ;
; Maximum used               ; 4           ;
;                            ;             ;
; Usage by Processor         ; % Time Used ;
;     Processor 1            ; 100.0%      ;
;     Processors 2-4         ;   0.0%      ;
+----------------------------+-------------+


+----------------------------------------------------------------------------------------------------------------------------------------------------------------------+
; Analysis & Synthesis Source Files Read                                                                                                                               ;
+----------------------------------+-----------------+------------------------------------------+------------------------------------------------------------+---------+
; File Name with User-Entered Path ; Used in Netlist ; File Type                                ; File Name with Absolute Path                               ; Library ;
+----------------------------------+-----------------+------------------------------------------+------------------------------------------------------------+---------+
; serial_transmitter_circuit.bdf   ; yes             ; User Block Diagram/Schematic File        ; C:/Users/Asus/Desktop/CA_5/serial_transmitter_circuit.bdf  ;         ;
; transmitter.bdf                  ; yes             ; Auto-Found Block Diagram/Schematic File  ; C:/Users/Asus/Desktop/CA_5/transmitter.bdf                 ;         ;
; downcounter.v                    ; yes             ; Auto-Found Wizard-Generated File         ; C:/Users/Asus/Desktop/CA_5/downcounter.v                   ;         ;
; lpm_counter.tdf                  ; yes             ; Megafunction                             ; e:/quartus/libraries/megafunctions/lpm_counter.tdf         ;         ;
; lpm_constant.inc                 ; yes             ; Megafunction                             ; e:/quartus/libraries/megafunctions/lpm_constant.inc        ;         ;
; lpm_decode.inc                   ; yes             ; Megafunction                             ; e:/quartus/libraries/megafunctions/lpm_decode.inc          ;         ;
; lpm_add_sub.inc                  ; yes             ; Megafunction                             ; e:/quartus/libraries/megafunctions/lpm_add_sub.inc         ;         ;
; cmpconst.inc                     ; yes             ; Megafunction                             ; e:/quartus/libraries/megafunctions/cmpconst.inc            ;         ;
; lpm_compare.inc                  ; yes             ; Megafunction                             ; e:/quartus/libraries/megafunctions/lpm_compare.inc         ;         ;
; lpm_counter.inc                  ; yes             ; Megafunction                             ; e:/quartus/libraries/megafunctions/lpm_counter.inc         ;         ;
; dffeea.inc                       ; yes             ; Megafunction                             ; e:/quartus/libraries/megafunctions/dffeea.inc              ;         ;
; alt_counter_stratix.inc          ; yes             ; Megafunction                             ; e:/quartus/libraries/megafunctions/alt_counter_stratix.inc ;         ;
; aglobal221.inc                   ; yes             ; Megafunction                             ; e:/quartus/libraries/megafunctions/aglobal221.inc          ;         ;
; db/cntr_skk.tdf                  ; yes             ; Auto-Generated Megafunction              ; C:/Users/Asus/Desktop/CA_5/db/cntr_skk.tdf                 ;         ;
; controller.v                     ; yes             ; Auto-Found Verilog HDL File              ; C:/Users/Asus/Desktop/CA_5/controller.v                    ;         ;
; d_detector.v                     ; yes             ; Auto-Found Verilog HDL File              ; C:/Users/Asus/Desktop/CA_5/d_detector.v                    ;         ;
; counterreg.bdf                   ; yes             ; Auto-Found Block Diagram/Schematic File  ; C:/Users/Asus/Desktop/CA_5/counterreg.bdf                  ;         ;
; bitcounter.v                     ; yes             ; Auto-Found Wizard-Generated File         ; C:/Users/Asus/Desktop/CA_5/bitcounter.v                    ;         ;
; db/cntr_r3l.tdf                  ; yes             ; Auto-Generated Megafunction              ; C:/Users/Asus/Desktop/CA_5/db/cntr_r3l.tdf                 ;         ;
; shiftregister.v                  ; yes             ; Auto-Found Wizard-Generated File         ; C:/Users/Asus/Desktop/CA_5/shiftregister.v                 ;         ;
; lpm_shiftreg.tdf                 ; yes             ; Megafunction                             ; e:/quartus/libraries/megafunctions/lpm_shiftreg.tdf        ;         ;
; lpm_constant.tdf                 ; yes             ; Megafunction                             ; e:/quartus/libraries/megafunctions/lpm_constant.tdf        ;         ;
+----------------------------------+-----------------+------------------------------------------+------------------------------------------------------------+---------+


+---------------------------------------------+
; Analysis & Synthesis Resource Usage Summary ;
+--------------------------+------------------+
; Resource                 ; Usage            ;
+--------------------------+------------------+
; I/O pins                 ; 26               ;
;                          ;                  ;
; DSP block 9-bit elements ; 0                ;
;                          ;                  ;
; Maximum fan-out node     ; clock~input      ;
; Maximum fan-out          ; 32               ;
; Total fan-out            ; 257              ;
; Average fan-out          ; 2.14             ;
+--------------------------+------------------+


+--------------------------------------------------------------------------------------------------------------------------------------------------------------------------------------------------------------------------------------------------------------------------------------------------------------------------------------------------------------+
; Analysis & Synthesis Resource Utilization by Entity                                                                                                                                                                                                                                                                                                          ;
+------------------------------------------------+---------------------+---------------------------+-------------+--------------+---------+-----------+-----------+------+--------------+--------------------------------------------------------------------------------------------------------------------------+----------------------------+--------------+
; Compilation Hierarchy Node                     ; Combinational ALUTs ; Dedicated Logic Registers ; Memory Bits ; DSP Elements ; DSP 9x9 ; DSP 18x18 ; DSP 36x36 ; Pins ; Virtual Pins ; Full Hierarchy Name                                                                                                      ; Entity Name                ; Library Name ;
+------------------------------------------------+---------------------+---------------------------+-------------+--------------+---------+-----------+-----------+------+--------------+--------------------------------------------------------------------------------------------------------------------------+----------------------------+--------------+
; |serial_transmitter_circuit                    ; 36 (1)              ; 32 (0)                    ; 0           ; 0            ; 0       ; 0         ; 0         ; 26   ; 0            ; |serial_transmitter_circuit                                                                                              ; serial_transmitter_circuit ; work         ;
;    |controller:inst|                           ; 6 (6)               ; 6 (6)                     ; 0           ; 0            ; 0       ; 0         ; 0         ; 0    ; 0            ; |serial_transmitter_circuit|controller:inst                                                                              ; controller                 ; work         ;
;    |counterReg:inst1|                          ; 13 (0)              ; 11 (0)                    ; 0           ; 0            ; 0       ; 0         ; 0         ; 0    ; 0            ; |serial_transmitter_circuit|counterReg:inst1                                                                             ; counterReg                 ; work         ;
;       |bitCounter:inst|                        ; 5 (0)               ; 3 (0)                     ; 0           ; 0            ; 0       ; 0         ; 0         ; 0    ; 0            ; |serial_transmitter_circuit|counterReg:inst1|bitCounter:inst                                                             ; bitCounter                 ; work         ;
;          |lpm_counter:LPM_COUNTER_component|   ; 5 (0)               ; 3 (0)                     ; 0           ; 0            ; 0       ; 0         ; 0         ; 0    ; 0            ; |serial_transmitter_circuit|counterReg:inst1|bitCounter:inst|lpm_counter:LPM_COUNTER_component                           ; lpm_counter                ; work         ;
;             |cntr_r3l:auto_generated|          ; 5 (5)               ; 3 (3)                     ; 0           ; 0            ; 0       ; 0         ; 0         ; 0    ; 0            ; |serial_transmitter_circuit|counterReg:inst1|bitCounter:inst|lpm_counter:LPM_COUNTER_component|cntr_r3l:auto_generated   ; cntr_r3l                   ; work         ;
;       |shiftRegister:inst1|                    ; 8 (0)               ; 8 (0)                     ; 0           ; 0            ; 0       ; 0         ; 0         ; 0    ; 0            ; |serial_transmitter_circuit|counterReg:inst1|shiftRegister:inst1                                                         ; shiftRegister              ; work         ;
;          |lpm_shiftreg:LPM_SHIFTREG_component| ; 8 (8)               ; 8 (8)                     ; 0           ; 0            ; 0       ; 0         ; 0         ; 0    ; 0            ; |serial_transmitter_circuit|counterReg:inst1|shiftRegister:inst1|lpm_shiftreg:LPM_SHIFTREG_component                     ; lpm_shiftreg               ; work         ;
;    |d_Detector:instt|                          ; 7 (7)               ; 7 (7)                     ; 0           ; 0            ; 0       ; 0         ; 0         ; 0    ; 0            ; |serial_transmitter_circuit|d_Detector:instt                                                                             ; d_Detector                 ; work         ;
;    |transmitter:inst2|                         ; 9 (0)               ; 8 (0)                     ; 0           ; 0            ; 0       ; 0         ; 0         ; 0    ; 0            ; |serial_transmitter_circuit|transmitter:inst2                                                                            ; transmitter                ; work         ;
;       |downCounter:inst|                       ; 9 (0)               ; 8 (0)                     ; 0           ; 0            ; 0       ; 0         ; 0         ; 0    ; 0            ; |serial_transmitter_circuit|transmitter:inst2|downCounter:inst                                                           ; downCounter                ; work         ;
;          |lpm_counter:LPM_COUNTER_component|   ; 9 (0)               ; 8 (0)                     ; 0           ; 0            ; 0       ; 0         ; 0         ; 0    ; 0            ; |serial_transmitter_circuit|transmitter:inst2|downCounter:inst|lpm_counter:LPM_COUNTER_component                         ; lpm_counter                ; work         ;
;             |cntr_skk:auto_generated|          ; 9 (9)               ; 8 (8)                     ; 0           ; 0            ; 0       ; 0         ; 0         ; 0    ; 0            ; |serial_transmitter_circuit|transmitter:inst2|downCounter:inst|lpm_counter:LPM_COUNTER_component|cntr_skk:auto_generated ; cntr_skk                   ; work         ;
+------------------------------------------------+---------------------+---------------------------+-------------+--------------+---------+-----------+-----------+------+--------------+--------------------------------------------------------------------------------------------------------------------------+----------------------------+--------------+
Note: For table entries with two numbers listed, the numbers in parentheses indicate the number of resources of the given type used by the specific entity alone. The numbers listed outside of parentheses indicate the total resources of the given type used by the specific entity and all of its sub-entities in the hierarchy.


Encoding Type:  One-Hot
+-----------------------------------------------------------------+
; State Machine - |serial_transmitter_circuit|d_Detector:instt|ps ;
+------+------+------+------+------+------+------+------+---------+
; Name ; ps.H ; ps.G ; ps.F ; ps.E ; ps.D ; ps.C ; ps.B ; ps.A    ;
+------+------+------+------+------+------+------+------+---------+
; ps.A ; 0    ; 0    ; 0    ; 0    ; 0    ; 0    ; 0    ; 0       ;
; ps.B ; 0    ; 0    ; 0    ; 0    ; 0    ; 0    ; 1    ; 1       ;
; ps.C ; 0    ; 0    ; 0    ; 0    ; 0    ; 1    ; 0    ; 1       ;
; ps.D ; 0    ; 0    ; 0    ; 0    ; 1    ; 0    ; 0    ; 1       ;
; ps.E ; 0    ; 0    ; 0    ; 1    ; 0    ; 0    ; 0    ; 1       ;
; ps.F ; 0    ; 0    ; 1    ; 0    ; 0    ; 0    ; 0    ; 1       ;
; ps.G ; 0    ; 1    ; 0    ; 0    ; 0    ; 0    ; 0    ; 1       ;
; ps.H ; 1    ; 0    ; 0    ; 0    ; 0    ; 0    ; 0    ; 1       ;
+------+------+------+------+------+------+------+------+---------+


Encoding Type:  One-Hot
+------------------------------------------------------------------------------------+
; State Machine - |serial_transmitter_circuit|controller:inst|ps                     ;
+--------------+--------------+---------+------------+-----------+---------+---------+
; Name         ; ps.Downcount ; ps.Load ; ps.Upcount ; ps.Detect ; ps.Init ; ps.Idle ;
+--------------+--------------+---------+------------+-----------+---------+---------+
; ps.Idle      ; 0            ; 0       ; 0          ; 0         ; 0       ; 0       ;
; ps.Init      ; 0            ; 0       ; 0          ; 0         ; 1       ; 1       ;
; ps.Detect    ; 0            ; 0       ; 0          ; 1         ; 0       ; 1       ;
; ps.Upcount   ; 0            ; 0       ; 1          ; 0         ; 0       ; 1       ;
; ps.Load      ; 0            ; 1       ; 0          ; 0         ; 0       ; 1       ;
; ps.Downcount ; 1            ; 0       ; 0          ; 0         ; 0       ; 1       ;
+--------------+--------------+---------+------------+-----------+---------+---------+


+------------------------------------------------------------+
; Registers Removed During Synthesis                         ;
+---------------------------------------+--------------------+
; Register name                         ; Reason for Removal ;
+---------------------------------------+--------------------+
; d_Detector:instt|ps~4                 ; Lost fanout        ;
; d_Detector:instt|ps~5                 ; Lost fanout        ;
; d_Detector:instt|ps~6                 ; Lost fanout        ;
; controller:inst|ps~4                  ; Lost fanout        ;
; controller:inst|ps~5                  ; Lost fanout        ;
; controller:inst|ps~6                  ; Lost fanout        ;
; d_Detector:instt|ps.A                 ; Lost fanout        ;
; Total Number of Removed Registers = 7 ;                    ;
+---------------------------------------+--------------------+


+------------------------------------------------------+
; General Register Statistics                          ;
+----------------------------------------------+-------+
; Statistic                                    ; Value ;
+----------------------------------------------+-------+
; Total registers                              ; 32    ;
; Number of registers using Synchronous Clear  ; 0     ;
; Number of registers using Synchronous Load   ; 11    ;
; Number of registers using Asynchronous Clear ; 32    ;
; Number of registers using Asynchronous Load  ; 0     ;
; Number of registers using Clock Enable       ; 11    ;
; Number of registers using Preset             ; 0     ;
+----------------------------------------------+-------+


+-------------------------------------------------------------------------------------------------------------------+
; Parameter Settings for User Entity Instance: transmitter:inst2|downCounter:inst|lpm_counter:LPM_COUNTER_component ;
+------------------------+---------------+--------------------------------------------------------------------------+
; Parameter Name         ; Value         ; Type                                                                     ;
+------------------------+---------------+--------------------------------------------------------------------------+
; AUTO_CARRY_CHAINS      ; ON            ; AUTO_CARRY                                                               ;
; IGNORE_CARRY_BUFFERS   ; OFF           ; IGNORE_CARRY                                                             ;
; AUTO_CASCADE_CHAINS    ; ON            ; AUTO_CASCADE                                                             ;
; IGNORE_CASCADE_BUFFERS ; OFF           ; IGNORE_CASCADE                                                           ;
; LPM_WIDTH              ; 8             ; Signed Integer                                                           ;
; LPM_DIRECTION          ; DOWN          ; Untyped                                                                  ;
; LPM_MODULUS            ; 0             ; Untyped                                                                  ;
; LPM_AVALUE             ; UNUSED        ; Untyped                                                                  ;
; LPM_SVALUE             ; UNUSED        ; Untyped                                                                  ;
; LPM_PORT_UPDOWN        ; PORT_UNUSED   ; Untyped                                                                  ;
; DEVICE_FAMILY          ; Cyclone IV GX ; Untyped                                                                  ;
; CARRY_CHAIN            ; MANUAL        ; Untyped                                                                  ;
; CARRY_CHAIN_LENGTH     ; 48            ; CARRY_CHAIN_LENGTH                                                       ;
; NOT_GATE_PUSH_BACK     ; ON            ; NOT_GATE_PUSH_BACK                                                       ;
; CARRY_CNT_EN           ; SMART         ; Untyped                                                                  ;
; LABWIDE_SCLR           ; ON            ; Untyped                                                                  ;
; USE_NEW_VERSION        ; TRUE          ; Untyped                                                                  ;
; CBXI_PARAMETER         ; cntr_skk      ; Untyped                                                                  ;
+------------------------+---------------+--------------------------------------------------------------------------+
Note: In order to hide this table in the UI and the text report file, please set the "Show Parameter Settings in Synthesis Report" option in "Analysis and Synthesis Settings -> More Settings" to "Off".


+--------------------------------------------------------------+
; Parameter Settings for User Entity Instance: controller:inst ;
+----------------+-------+-------------------------------------+
; Parameter Name ; Value ; Type                                ;
+----------------+-------+-------------------------------------+
; Idle           ; 000   ; Unsigned Binary                     ;
; Init           ; 001   ; Unsigned Binary                     ;
; Detect         ; 010   ; Unsigned Binary                     ;
; Upcount        ; 011   ; Unsigned Binary                     ;
; Load           ; 100   ; Unsigned Binary                     ;
; Downcount      ; 101   ; Unsigned Binary                     ;
+----------------+-------+-------------------------------------+
Note: In order to hide this table in the UI and the text report file, please set the "Show Parameter Settings in Synthesis Report" option in "Analysis and Synthesis Settings -> More Settings" to "Off".


+---------------------------------------------------------------+
; Parameter Settings for User Entity Instance: d_Detector:instt ;
+----------------+-------+--------------------------------------+
; Parameter Name ; Value ; Type                                 ;
+----------------+-------+--------------------------------------+
; A              ; 000   ; Unsigned Binary                      ;
; B              ; 001   ; Unsigned Binary                      ;
; C              ; 010   ; Unsigned Binary                      ;
; D              ; 011   ; Unsigned Binary                      ;
; E              ; 100   ; Unsigned Binary                      ;
; F              ; 101   ; Unsigned Binary                      ;
; G              ; 110   ; Unsigned Binary                      ;
; H              ; 111   ; Unsigned Binary                      ;
+----------------+-------+--------------------------------------+
Note: In order to hide this table in the UI and the text report file, please set the "Show Parameter Settings in Synthesis Report" option in "Analysis and Synthesis Settings -> More Settings" to "Off".


+-----------------------------------------------------------------------------------------------------------------+
; Parameter Settings for User Entity Instance: counterReg:inst1|bitCounter:inst|lpm_counter:LPM_COUNTER_component ;
+------------------------+---------------+------------------------------------------------------------------------+
; Parameter Name         ; Value         ; Type                                                                   ;
+------------------------+---------------+------------------------------------------------------------------------+
; AUTO_CARRY_CHAINS      ; ON            ; AUTO_CARRY                                                             ;
; IGNORE_CARRY_BUFFERS   ; OFF           ; IGNORE_CARRY                                                           ;
; AUTO_CASCADE_CHAINS    ; ON            ; AUTO_CASCADE                                                           ;
; IGNORE_CASCADE_BUFFERS ; OFF           ; IGNORE_CASCADE                                                         ;
; LPM_WIDTH              ; 3             ; Signed Integer                                                         ;
; LPM_DIRECTION          ; UP            ; Untyped                                                                ;
; LPM_MODULUS            ; 0             ; Untyped                                                                ;
; LPM_AVALUE             ; UNUSED        ; Untyped                                                                ;
; LPM_SVALUE             ; 0             ; Untyped                                                                ;
; LPM_PORT_UPDOWN        ; PORT_UNUSED   ; Untyped                                                                ;
; DEVICE_FAMILY          ; Cyclone IV GX ; Untyped                                                                ;
; CARRY_CHAIN            ; MANUAL        ; Untyped                                                                ;
; CARRY_CHAIN_LENGTH     ; 48            ; CARRY_CHAIN_LENGTH                                                     ;
; NOT_GATE_PUSH_BACK     ; ON            ; NOT_GATE_PUSH_BACK                                                     ;
; CARRY_CNT_EN           ; SMART         ; Untyped                                                                ;
; LABWIDE_SCLR           ; ON            ; Untyped                                                                ;
; USE_NEW_VERSION        ; TRUE          ; Untyped                                                                ;
; CBXI_PARAMETER         ; cntr_r3l      ; Untyped                                                                ;
+------------------------+---------------+------------------------------------------------------------------------+
Note: In order to hide this table in the UI and the text report file, please set the "Show Parameter Settings in Synthesis Report" option in "Analysis and Synthesis Settings -> More Settings" to "Off".


+-----------------------------------------------------------------------------------------------------------------------+
; Parameter Settings for User Entity Instance: counterReg:inst1|shiftRegister:inst1|lpm_shiftreg:LPM_SHIFTREG_component ;
+------------------------+---------------+------------------------------------------------------------------------------+
; Parameter Name         ; Value         ; Type                                                                         ;
+------------------------+---------------+------------------------------------------------------------------------------+
; LPM_WIDTH              ; 8             ; Signed Integer                                                               ;
; LPM_DIRECTION          ; RIGHT         ; Untyped                                                                      ;
; LPM_AVALUE             ; UNUSED        ; Untyped                                                                      ;
; LPM_SVALUE             ; 0             ; Untyped                                                                      ;
; DEVICE_FAMILY          ; Cyclone IV GX ; Untyped                                                                      ;
; AUTO_CARRY_CHAINS      ; ON            ; AUTO_CARRY                                                                   ;
; IGNORE_CARRY_BUFFERS   ; OFF           ; IGNORE_CARRY                                                                 ;
; AUTO_CASCADE_CHAINS    ; ON            ; AUTO_CASCADE                                                                 ;
; IGNORE_CASCADE_BUFFERS ; OFF           ; IGNORE_CASCADE                                                               ;
+------------------------+---------------+------------------------------------------------------------------------------+
Note: In order to hide this table in the UI and the text report file, please set the "Show Parameter Settings in Synthesis Report" option in "Analysis and Synthesis Settings -> More Settings" to "Off".


+-------------------------------------------------------------------------------------------------------+
; lpm_shiftreg Parameter Settings by Entity Instance                                                    ;
+----------------------------+--------------------------------------------------------------------------+
; Name                       ; Value                                                                    ;
+----------------------------+--------------------------------------------------------------------------+
; Number of entity instances ; 1                                                                        ;
; Entity Instance            ; counterReg:inst1|shiftRegister:inst1|lpm_shiftreg:LPM_SHIFTREG_component ;
;     -- LPM_WIDTH           ; 8                                                                        ;
;     -- LPM_DIRECTION       ; RIGHT                                                                    ;
+----------------------------+--------------------------------------------------------------------------+


+-----------------------------------------------------+
; Post-Synthesis Netlist Statistics for Top Partition ;
+-----------------------+-----------------------------+
; Type                  ; Count                       ;
+-----------------------+-----------------------------+
; boundary_port         ; 26                          ;
; cycloneiii_ff         ; 32                          ;
;     CLR               ; 21                          ;
;     ENA CLR SLD       ; 11                          ;
; cycloneiii_io_obuf    ; 1                           ;
; cycloneiii_lcell_comb ; 37                          ;
;     arith             ; 11                          ;
;         1 data inputs ; 1                           ;
;         2 data inputs ; 10                          ;
;     normal            ; 26                          ;
;         0 data inputs ; 3                           ;
;         1 data inputs ; 1                           ;
;         2 data inputs ; 14                          ;
;         3 data inputs ; 3                           ;
;         4 data inputs ; 5                           ;
;                       ;                             ;
; Max LUT depth         ; 2.80                        ;
; Average LUT depth     ; 1.48                        ;
+-----------------------+-----------------------------+


+-------------------------------+
; Elapsed Time Per Partition    ;
+----------------+--------------+
; Partition Name ; Elapsed Time ;
+----------------+--------------+
; Top            ; 00:00:01     ;
+----------------+--------------+


+-------------------------------+
; Analysis & Synthesis Messages ;
+-------------------------------+
Info: *******************************************************************
Info: Running Quartus Prime Analysis & Synthesis
    Info: Version 22.1std.2 Build 922 07/20/2023 SC Lite Edition
    Info: Processing started: Wed Jan  3 01:29:27 2024
Info: Command: quartus_map --read_settings_files=on --write_settings_files=off serial_transmitter_circuit -c serial_transmitter_circuit
Warning (18236): Number of processors has not been specified which may cause overloading on shared machines.  Set the global assignment NUM_PARALLEL_PROCESSORS in your QSF to an appropriate value for best performance.
Info (20030): Parallel compilation is enabled and will use 4 of the 4 processors detected
Info (12021): Found 1 design units, including 1 entities, in source file serial_transmitter_circuit.bdf
    Info (12023): Found entity 1: serial_transmitter_circuit
Info (12127): Elaborating entity "serial_transmitter_circuit" for the top level hierarchy
Warning (12125): Using design file transmitter.bdf, which is not specified as a design file for the current project, but contains definitions for 1 design units and 1 entities in project
    Info (12023): Found entity 1: transmitter
Info (12128): Elaborating entity "transmitter" for hierarchy "transmitter:inst2"
Warning (12125): Using design file downcounter.v, which is not specified as a design file for the current project, but contains definitions for 1 design units and 1 entities in project
    Info (12023): Found entity 1: downCounter File: C:/Users/Asus/Desktop/CA_5/downcounter.v Line: 40
Info (12128): Elaborating entity "downCounter" for hierarchy "transmitter:inst2|downCounter:inst"
Info (12128): Elaborating entity "lpm_counter" for hierarchy "transmitter:inst2|downCounter:inst|lpm_counter:LPM_COUNTER_component" File: C:/Users/Asus/Desktop/CA_5/downcounter.v Line: 77
Info (12130): Elaborated megafunction instantiation "transmitter:inst2|downCounter:inst|lpm_counter:LPM_COUNTER_component" File: C:/Users/Asus/Desktop/CA_5/downcounter.v Line: 77
Info (12133): Instantiated megafunction "transmitter:inst2|downCounter:inst|lpm_counter:LPM_COUNTER_component" with the following parameter: File: C:/Users/Asus/Desktop/CA_5/downcounter.v Line: 77
    Info (12134): Parameter "lpm_direction" = "DOWN"
    Info (12134): Parameter "lpm_port_updown" = "PORT_UNUSED"
    Info (12134): Parameter "lpm_type" = "LPM_COUNTER"
    Info (12134): Parameter "lpm_width" = "8"
Info (12021): Found 1 design units, including 1 entities, in source file db/cntr_skk.tdf
    Info (12023): Found entity 1: cntr_skk File: C:/Users/Asus/Desktop/CA_5/db/cntr_skk.tdf Line: 26
Info (12128): Elaborating entity "cntr_skk" for hierarchy "transmitter:inst2|downCounter:inst|lpm_counter:LPM_COUNTER_component|cntr_skk:auto_generated" File: e:/quartus/libraries/megafunctions/lpm_counter.tdf Line: 259
Warning (12125): Using design file controller.v, which is not specified as a design file for the current project, but contains definitions for 1 design units and 1 entities in project
    Info (12023): Found entity 1: controller File: C:/Users/Asus/Desktop/CA_5/controller.v Line: 2
Info (12128): Elaborating entity "controller" for hierarchy "controller:inst"
Warning (10230): Verilog HDL assignment warning at controller.v(11): truncated value with size 32 to match size of target (1) File: C:/Users/Asus/Desktop/CA_5/controller.v Line: 11
Warning (10230): Verilog HDL assignment warning at controller.v(14): truncated value with size 32 to match size of target (1) File: C:/Users/Asus/Desktop/CA_5/controller.v Line: 14
Warning (12125): Using design file d_detector.v, which is not specified as a design file for the current project, but contains definitions for 1 design units and 1 entities in project
    Info (12023): Found entity 1: d_Detector File: C:/Users/Asus/Desktop/CA_5/d_detector.v Line: 2
Info (12128): Elaborating entity "d_Detector" for hierarchy "d_Detector:instt"
Warning (12125): Using design file counterreg.bdf, which is not specified as a design file for the current project, but contains definitions for 1 design units and 1 entities in project
    Info (12023): Found entity 1: counterReg
Info (12128): Elaborating entity "counterReg" for hierarchy "counterReg:inst1"
Warning (12125): Using design file bitcounter.v, which is not specified as a design file for the current project, but contains definitions for 1 design units and 1 entities in project
    Info (12023): Found entity 1: bitCounter File: C:/Users/Asus/Desktop/CA_5/bitcounter.v Line: 40
Info (12128): Elaborating entity "bitCounter" for hierarchy "counterReg:inst1|bitCounter:inst"
Info (12128): Elaborating entity "lpm_counter" for hierarchy "counterReg:inst1|bitCounter:inst|lpm_counter:LPM_COUNTER_component" File: C:/Users/Asus/Desktop/CA_5/bitcounter.v Line: 75
Info (12130): Elaborated megafunction instantiation "counterReg:inst1|bitCounter:inst|lpm_counter:LPM_COUNTER_component" File: C:/Users/Asus/Desktop/CA_5/bitcounter.v Line: 75
Info (12133): Instantiated megafunction "counterReg:inst1|bitCounter:inst|lpm_counter:LPM_COUNTER_component" with the following parameter: File: C:/Users/Asus/Desktop/CA_5/bitcounter.v Line: 75
    Info (12134): Parameter "lpm_direction" = "UP"
    Info (12134): Parameter "lpm_port_updown" = "PORT_UNUSED"
    Info (12134): Parameter "lpm_svalue" = "0"
    Info (12134): Parameter "lpm_type" = "LPM_COUNTER"
    Info (12134): Parameter "lpm_width" = "3"
Info (12021): Found 1 design units, including 1 entities, in source file db/cntr_r3l.tdf
    Info (12023): Found entity 1: cntr_r3l File: C:/Users/Asus/Desktop/CA_5/db/cntr_r3l.tdf Line: 26
Info (12128): Elaborating entity "cntr_r3l" for hierarchy "counterReg:inst1|bitCounter:inst|lpm_counter:LPM_COUNTER_component|cntr_r3l:auto_generated" File: e:/quartus/libraries/megafunctions/lpm_counter.tdf Line: 259
Warning (12125): Using design file shiftregister.v, which is not specified as a design file for the current project, but contains definitions for 1 design units and 1 entities in project
    Info (12023): Found entity 1: shiftRegister File: C:/Users/Asus/Desktop/CA_5/shiftregister.v Line: 40
Info (12128): Elaborating entity "shiftRegister" for hierarchy "counterReg:inst1|shiftRegister:inst1"
Info (12128): Elaborating entity "lpm_shiftreg" for hierarchy "counterReg:inst1|shiftRegister:inst1|lpm_shiftreg:LPM_SHIFTREG_component" File: C:/Users/Asus/Desktop/CA_5/shiftregister.v Line: 71
Info (12130): Elaborated megafunction instantiation "counterReg:inst1|shiftRegister:inst1|lpm_shiftreg:LPM_SHIFTREG_component" File: C:/Users/Asus/Desktop/CA_5/shiftregister.v Line: 71
Info (12133): Instantiated megafunction "counterReg:inst1|shiftRegister:inst1|lpm_shiftreg:LPM_SHIFTREG_component" with the following parameter: File: C:/Users/Asus/Desktop/CA_5/shiftregister.v Line: 71
    Info (12134): Parameter "lpm_direction" = "RIGHT"
    Info (12134): Parameter "lpm_svalue" = "0"
    Info (12134): Parameter "lpm_type" = "LPM_SHIFTREG"
    Info (12134): Parameter "lpm_width" = "8"
Info (12128): Elaborating entity "lpm_constant" for hierarchy "counterReg:inst1|shiftRegister:inst1|lpm_shiftreg:LPM_SHIFTREG_component|lpm_constant:sc" File: e:/quartus/libraries/megafunctions/lpm_shiftreg.tdf Line: 65
Info (12131): Elaborated megafunction instantiation "counterReg:inst1|shiftRegister:inst1|lpm_shiftreg:LPM_SHIFTREG_component|lpm_constant:sc", which is child of megafunction instantiation "counterReg:inst1|shiftRegister:inst1|lpm_shiftreg:LPM_SHIFTREG_component" File: e:/quartus/libraries/megafunctions/lpm_shiftreg.tdf Line: 65
Info (286030): Timing-Driven Synthesis is running
Info (17049): 7 registers lost all their fanouts during netlist optimizations.
Info (16010): Generating hard_block partition "hard_block:auto_generated_inst"
    Info (16011): Adding 0 node(s), including 0 DDIO, 0 PLL, 0 transceiver and 0 LCELL
Info (21057): Implemented 63 device resources after synthesis - the final resource count might be different
    Info (21058): Implemented 4 input pins
    Info (21059): Implemented 22 output pins
    Info (21061): Implemented 37 logic cells
Info: Quartus Prime Analysis & Synthesis was successful. 0 errors, 10 warnings
    Info: Peak virtual memory: 4832 megabytes
    Info: Processing ended: Wed Jan  3 01:29:41 2024
    Info: Elapsed time: 00:00:14
    Info: Total CPU time (on all processors): 00:00:38


